
> spirit-ai@1.0.0 build
> next build

  Γû▓ Next.js 14.2.5
  - Environments: .env.local

   Creating an optimized production build ...
node.exe : <w> [webpack.cache.
PackFileCacheStrategy] 
Serializing big strings 
(133kiB) impacts 
deserialization performance 
(consider using Buffer 
instead and decode when 
needed)
At C:\Program 
Files\nodejs\npm.ps1:29 char:3
+   & $NODE_EXE $NPM_CLI_JS 
$args
+   
~~~~~~~~~~~~~~~~~~~~~~~~~~~~~
    + CategoryInfo          : 
    NotSpecified: (<w> [webp  
  ack.ca...de when needed):   
 String) [], RemoteExcepti    
on
    + FullyQualifiedErrorId : 
    NativeCommandError
 
 Γ£ô Compiled successfully
   Linting and checking validity of types ...
Failed to compile.

./src/app/api/admin/settings/r
oute.ts:10:17
Type error: Property 'role' 
does not exist on type 
'never'.

[0m [90m  8 |[39m     
[36mif[39m 
([33m![39muser) 
[36mreturn[39m 
[36mnull[39m[33m;[39m[0m
[0m [90m  9 |[39m     
[36mconst[39m { 
data[33m:[39m p } 
[33m=[39m [36mawait[39m su
pabase[33m.[39m[36mfrom[39
m([32m'profiles'[39m)[33m.
[39mselect([32m'role'[39m)[
33m.[39meq([32m'id'[39m[33
m,[39m user[33m.[39mid)[33
m.[39msingle()[33m;[39m[0m
[0m[31m[1m>[22m[39m[90m 
10 |[39m     [36mif[39m 
([33m![39mp [33m||[39m 
p[33m.[39mrole 
[33m!==[39m 
[32m'admin'[39m) 
[36mreturn[39m 
[36mnull[39m[33m;[39m[0m
[0m [90m    |[39m          
       
[31m[1m^[22m[39m[0m
[0m [90m 11 |[39m     
[36mreturn[39m 
user[33m;[39m[0m
[0m [90m 12 |[39m }[0m
[0m [90m 13 |[39m[0m
